Hit count: 8
Miss count: 15
Clean evictions: 0
Dirty evictions: 7
Total references : 23
Hit rate: 34.7826
Miss rate: 65.2174
