Hit count: 16
Miss count: 18
Clean evictions: 0
Dirty evictions: 10
Total references : 34
Hit rate: 47.0588
Miss rate: 52.9412
