Hit count: 6
Miss count: 17
Clean evictions: 1
Dirty evictions: 8
Total references : 23
Hit rate: 26.0870
Miss rate: 73.9130
