Hit count: 14
Miss count: 20
Clean evictions: 0
Dirty evictions: 12
Total references : 34
Hit rate: 41.1765
Miss rate: 58.8235
