Hit count: 7
Miss count: 16
Clean evictions: 0
Dirty evictions: 8
Total references : 23
Hit rate: 30.4348
Miss rate: 69.5652
