Hit count: 5
Miss count: 18
Clean evictions: 1
Dirty evictions: 9
Total references : 23
Hit rate: 21.7391
Miss rate: 78.2609
