Hit count: 12
Miss count: 22
Clean evictions: 2
Dirty evictions: 12
Total references : 34
Hit rate: 35.2941
Miss rate: 64.7059
