Hit count: 10
Miss count: 13
Clean evictions: 0
Dirty evictions: 5
Total references : 23
Hit rate: 43.4783
Miss rate: 56.5217
